------------------------------------------------------------------------------------------------------------------------

[2026-05-06 11:00:54 #1 store] 
Database 'C:\Users\Usuario\git\Market26\src\main\resources\products.temp' is opened by 18796@DESKTOP-C3ESJLV

[2026-05-06 11:00:54 #2 type] 
Type domain.Erabiltzailea is not enhanced.

[2026-05-06 11:00:54 #3 type] 
Type domain.User is not enhanced.

[2026-05-06 11:00:54 #4 type] 
Type domain.Mugimendua is not enhanced.

[2026-05-06 11:00:54 #5 type] 
Type domain.Erreklamazioa is not enhanced.

[2026-05-06 11:00:54 #6 type] 
Type domain.DiruKontua is not enhanced.

[2026-05-06 11:00:54 #7 type] 
Type domain.Sale is not enhanced.

[2026-05-06 11:00:54 #8 type] 
Type domain.Admin is not enhanced.

[2026-05-06 11:00:54 #9 type] 
Type domain.Saskia is not enhanced.

[2026-05-06 11:00:54 #10 type] 
Type domain.Eskaera is not enhanced.

[2026-05-06 11:00:54 #11 type] 
Type domain.Oferta is not enhanced.

[2026-05-06 11:00:54 #12 type] 
Type domain.BalorazioProfila is not enhanced.

[2026-05-06 11:00:54 #13 store] 
Database 'C:\Users\Usuario\git\Market26\src\main\resources\products.temp' is closed by 18796@DESKTOP-C3ESJLV

[2026-05-06 11:01:10 #14 store] 
Database 'C:\Users\Usuario\git\Market26\src\main\resources\products.temp' is opened by 18796@DESKTOP-C3ESJLV

[2026-05-06 11:01:10 #15 store] 
Database 'C:\Users\Usuario\git\Market26\src\main\resources\products.temp' is closed by 18796@DESKTOP-C3ESJLV

------------------------------------------------------------------------------------------------------------------------

[2026-05-06 11:02:01 #1 store] 
Database 'C:\Users\Usuario\git\Market26\src\main\resources\products.temp' is opened by 17760@DESKTOP-C3ESJLV

[2026-05-06 11:02:01 #2 type] 
Type domain.Erabiltzailea is not enhanced.

[2026-05-06 11:02:01 #3 type] 
Type domain.User is not enhanced.

[2026-05-06 11:02:01 #4 type] 
Type domain.Mugimendua is not enhanced.

[2026-05-06 11:02:01 #5 type] 
Type domain.Erreklamazioa is not enhanced.

[2026-05-06 11:02:01 #6 type] 
Type domain.DiruKontua is not enhanced.

[2026-05-06 11:02:01 #7 type] 
Type domain.Sale is not enhanced.

[2026-05-06 11:02:01 #8 type] 
Type domain.Admin is not enhanced.

[2026-05-06 11:02:01 #9 type] 
Type domain.Saskia is not enhanced.

[2026-05-06 11:02:01 #10 type] 
Type domain.Eskaera is not enhanced.

[2026-05-06 11:02:01 #11 type] 
Type domain.Oferta is not enhanced.

[2026-05-06 11:02:01 #12 type] 
Type domain.BalorazioProfila is not enhanced.

[2026-05-06 11:02:01 #13 store] 
Database 'C:\Users\Usuario\git\Market26\src\main\resources\products.temp' is closed by 17760@DESKTOP-C3ESJLV

[2026-05-06 11:02:08 #14 store] 
Database 'C:\Users\Usuario\git\Market26\src\main\resources\products.temp' is opened by 17760@DESKTOP-C3ESJLV

[2026-05-06 11:02:08 #15 store] 
Database 'C:\Users\Usuario\git\Market26\src\main\resources\products.temp' is closed by 17760@DESKTOP-C3ESJLV

[2026-05-06 11:02:20 #16 store] 
Database 'C:\Users\Usuario\git\Market26\src\main\resources\products.temp' is opened by 17760@DESKTOP-C3ESJLV

[2026-05-06 11:02:20 #17 store] 
Database 'C:\Users\Usuario\git\Market26\src\main\resources\products.temp' is closed by 17760@DESKTOP-C3ESJLV

[2026-05-06 11:02:38 #18 store] 
Database 'C:\Users\Usuario\git\Market26\src\main\resources\products.temp' is opened by 17760@DESKTOP-C3ESJLV

[2026-05-06 11:02:38 #19 store] 
Database 'C:\Users\Usuario\git\Market26\src\main\resources\products.temp' is closed by 17760@DESKTOP-C3ESJLV

[2026-05-06 11:03:13 #20 store] 
Database 'C:\Users\Usuario\git\Market26\src\main\resources\products.temp' is opened by 17760@DESKTOP-C3ESJLV

[2026-05-06 11:03:13 #21 store] 
Database 'C:\Users\Usuario\git\Market26\src\main\resources\products.temp' is closed by 17760@DESKTOP-C3ESJLV

------------------------------------------------------------------------------------------------------------------------

[2026-05-06 11:25:46 #1 store] 
Database 'C:\Users\Usuario\git\Market26\src\main\resources\products.temp' is opened by 24344@DESKTOP-C3ESJLV

[2026-05-06 11:25:46 #2 type] 
Type domain.Erabiltzailea is not enhanced.

[2026-05-06 11:25:46 #3 type] 
Type domain.User is not enhanced.

[2026-05-06 11:25:46 #4 type] 
Type domain.Mugimendua is not enhanced.

[2026-05-06 11:25:46 #5 type] 
Type domain.Erreklamazioa is not enhanced.

[2026-05-06 11:25:46 #6 type] 
Type domain.DiruKontua is not enhanced.

[2026-05-06 11:25:46 #7 type] 
Type domain.Sale is not enhanced.

[2026-05-06 11:25:46 #8 type] 
Type domain.Admin is not enhanced.

[2026-05-06 11:25:46 #9 type] 
Type domain.Saskia is not enhanced.

[2026-05-06 11:25:46 #10 type] 
Type domain.Eskaera is not enhanced.

[2026-05-06 11:25:46 #11 type] 
Type domain.Oferta is not enhanced.

[2026-05-06 11:25:46 #12 type] 
Type domain.BalorazioProfila is not enhanced.

[2026-05-06 11:25:46 #13 store] 
Database 'C:\Users\Usuario\git\Market26\src\main\resources\products.temp' is closed by 24344@DESKTOP-C3ESJLV

[2026-05-06 11:25:56 #14 store] 
Database 'C:\Users\Usuario\git\Market26\src\main\resources\products.temp' is opened by 24344@DESKTOP-C3ESJLV

[2026-05-06 11:25:56 #15 store] 
Database 'C:\Users\Usuario\git\Market26\src\main\resources\products.temp' is closed by 24344@DESKTOP-C3ESJLV

[2026-05-06 11:26:02 #16 store] 
Database 'C:\Users\Usuario\git\Market26\src\main\resources\products.temp' is opened by 24344@DESKTOP-C3ESJLV

[2026-05-06 11:26:02 #17 store] 
Database 'C:\Users\Usuario\git\Market26\src\main\resources\products.temp' is closed by 24344@DESKTOP-C3ESJLV

[2026-05-06 11:26:31 #18 store] 
Database 'C:\Users\Usuario\git\Market26\src\main\resources\products.temp' is opened by 24344@DESKTOP-C3ESJLV

------------------------------------------------------------------------------------------------------------------------

[2026-05-06 11:31:28 #1 store] 
Database 'C:\Users\Usuario\git\Market26\src\main\resources\products.temp' is opened by 12376@DESKTOP-C3ESJLV

[2026-05-06 11:31:28 #2 type] 
Type domain.Erabiltzailea is not enhanced.

[2026-05-06 11:31:28 #3 type] 
Type domain.User is not enhanced.

[2026-05-06 11:31:28 #4 type] 
Type domain.Mugimendua is not enhanced.

[2026-05-06 11:31:28 #5 type] 
Type domain.Erreklamazioa is not enhanced.

[2026-05-06 11:31:28 #6 type] 
Type domain.DiruKontua is not enhanced.

[2026-05-06 11:31:28 #7 type] 
Type domain.Sale is not enhanced.

[2026-05-06 11:31:28 #8 type] 
Type domain.Admin is not enhanced.

[2026-05-06 11:31:28 #9 type] 
Type domain.Saskia is not enhanced.

[2026-05-06 11:31:28 #10 type] 
Type domain.Eskaera is not enhanced.

[2026-05-06 11:31:28 #11 type] 
Type domain.Oferta is not enhanced.

[2026-05-06 11:31:28 #12 type] 
Type domain.BalorazioProfila is not enhanced.

[2026-05-06 11:31:28 #13 store] 
Database 'C:\Users\Usuario\git\Market26\src\main\resources\products.temp' is closed by 12376@DESKTOP-C3ESJLV

[2026-05-06 11:31:39 #14 store] 
Database 'C:\Users\Usuario\git\Market26\src\main\resources\products.temp' is opened by 12376@DESKTOP-C3ESJLV

[2026-05-06 11:31:39 #15 store] 
Database 'C:\Users\Usuario\git\Market26\src\main\resources\products.temp' is closed by 12376@DESKTOP-C3ESJLV

[2026-05-06 11:31:41 #16 store] 
Database 'C:\Users\Usuario\git\Market26\src\main\resources\products.temp' is opened by 12376@DESKTOP-C3ESJLV

[2026-05-06 11:31:41 #17 store] 
Database 'C:\Users\Usuario\git\Market26\src\main\resources\products.temp' is closed by 12376@DESKTOP-C3ESJLV

[2026-05-06 11:32:05 #18 store] 
Database 'C:\Users\Usuario\git\Market26\src\main\resources\products.temp' is opened by 12376@DESKTOP-C3ESJLV

[2026-05-06 11:32:05 #19 store] 
Database 'C:\Users\Usuario\git\Market26\src\main\resources\products.temp' is closed by 12376@DESKTOP-C3ESJLV

[2026-05-06 11:32:14 #20 store] 
Database 'C:\Users\Usuario\git\Market26\src\main\resources\products.temp' is opened by 12376@DESKTOP-C3ESJLV

[2026-05-06 11:32:14 #21 store] 
Database 'C:\Users\Usuario\git\Market26\src\main\resources\products.temp' is closed by 12376@DESKTOP-C3ESJLV

