------------------------------------------------------------------------------------------------------------------------

[2026-05-04 12:54:26 #1 store] 
Database 'C:\Users\Usuario\git\Market26\src\main\resources\products.temp' is opened by 29068@DESKTOP-C3ESJLV

[2026-05-04 12:54:26 #2 type] 
Type domain.Erabiltzailea is not enhanced.

[2026-05-04 12:54:26 #3 type] 
Type domain.User is not enhanced.

[2026-05-04 12:54:26 #4 type.registry] 
New type domain.Saskia

[2026-05-04 12:54:26 #5 type.registry] 
New type domain.Eskaera

[2026-05-04 12:54:26 #6 type.registry] 
New type domain.Oferta

[2026-05-04 12:54:26 #7 type] 
Type domain.Mugimendua is not enhanced.

[2026-05-04 12:54:26 #8 type] 
Type domain.Erreklamazioa is not enhanced.

[2026-05-04 12:54:26 #9 type] 
Type domain.DiruKontua is not enhanced.

[2026-05-04 12:54:26 #10 type] 
Type domain.Sale is not enhanced.

[2026-05-04 12:54:26 #11 type] 
Type domain.Admin is not enhanced.

[2026-05-04 12:54:26 #12 type] 
Type domain.Saskia is not enhanced.

[2026-05-04 12:54:26 #13 type] 
Type domain.Eskaera is not enhanced.

[2026-05-04 12:54:26 #14 type] 
Type domain.Oferta is not enhanced.

[2026-05-04 12:54:26 #15 store] 
Database 'C:\Users\Usuario\git\Market26\src\main\resources\products.temp' is closed by 29068@DESKTOP-C3ESJLV

[2026-05-04 12:54:37 #16 store] 
Database 'C:\Users\Usuario\git\Market26\src\main\resources\products.temp' is opened by 29068@DESKTOP-C3ESJLV

[2026-05-04 12:54:37 #17 type.registry] 
New type java.util.ArrayList<domain.Oferta>

[2026-05-04 12:54:37 #18 type.registry] 
New type java.util.ArrayList<domain.Eskaera>

[2026-05-04 12:54:37 #19 type.registry] 
New type java.util.ArrayList<domain.Saskia>

[2026-05-04 12:54:37 #20 store] 
Database 'C:\Users\Usuario\git\Market26\src\main\resources\products.temp' is closed by 29068@DESKTOP-C3ESJLV

[2026-05-04 12:54:43 #21 store] 
Database 'C:\Users\Usuario\git\Market26\src\main\resources\products.temp' is opened by 29068@DESKTOP-C3ESJLV

[2026-05-04 12:54:43 #22 store] 
Database 'C:\Users\Usuario\git\Market26\src\main\resources\products.temp' is closed by 29068@DESKTOP-C3ESJLV

------------------------------------------------------------------------------------------------------------------------

[2026-05-04 12:56:41 #1 store] 
Database 'C:\Users\Usuario\git\Market26\src\main\resources\products.temp' is opened by 25660@DESKTOP-C3ESJLV

[2026-05-04 12:56:41 #2 type] 
Type domain.Erabiltzailea is not enhanced.

[2026-05-04 12:56:41 #3 type] 
Type domain.User is not enhanced.

[2026-05-04 12:56:41 #4 type.registry] 
New type domain.BalorazioProfila

[2026-05-04 12:56:41 #5 type] 
Type domain.Mugimendua is not enhanced.

[2026-05-04 12:56:41 #6 type] 
Type domain.Erreklamazioa is not enhanced.

[2026-05-04 12:56:41 #7 type] 
Type domain.DiruKontua is not enhanced.

[2026-05-04 12:56:41 #8 type] 
Type domain.Sale is not enhanced.

[2026-05-04 12:56:41 #9 type] 
Type domain.Admin is not enhanced.

[2026-05-04 12:56:41 #10 type] 
Type domain.Saskia is not enhanced.

[2026-05-04 12:56:41 #11 type] 
Type domain.Eskaera is not enhanced.

[2026-05-04 12:56:41 #12 type] 
Type domain.Oferta is not enhanced.

[2026-05-04 12:56:41 #13 type] 
Type domain.BalorazioProfila is not enhanced.

------------------------------------------------------------------------------------------------------------------------

[2026-05-04 12:58:31 #1 store] 
Database 'C:\Users\Usuario\git\Market26\src\main\resources\products.temp' is opened by 2176@DESKTOP-C3ESJLV

[2026-05-04 12:58:31 #2 type] 
Type domain.Erabiltzailea is not enhanced.

[2026-05-04 12:58:31 #3 type] 
Type domain.User is not enhanced.

[2026-05-04 12:58:31 #4 type.registry] 
New type domain.BalorazioProfila

[2026-05-04 12:58:31 #5 type] 
Type domain.Mugimendua is not enhanced.

[2026-05-04 12:58:31 #6 type] 
Type domain.Erreklamazioa is not enhanced.

[2026-05-04 12:58:31 #7 type] 
Type domain.DiruKontua is not enhanced.

[2026-05-04 12:58:31 #8 type] 
Type domain.Sale is not enhanced.

[2026-05-04 12:58:31 #9 type] 
Type domain.Admin is not enhanced.

[2026-05-04 12:58:31 #10 type] 
Type domain.Saskia is not enhanced.

[2026-05-04 12:58:31 #11 type] 
Type domain.Eskaera is not enhanced.

[2026-05-04 12:58:31 #12 type] 
Type domain.Oferta is not enhanced.

[2026-05-04 12:58:31 #13 type] 
Type domain.BalorazioProfila is not enhanced.

------------------------------------------------------------------------------------------------------------------------

[2026-05-04 12:59:05 #1 store] 
Database 'C:\Users\Usuario\git\Market26\src\main\resources\products.temp' is opened by 20884@DESKTOP-C3ESJLV

[2026-05-04 12:59:06 #2 type] 
Type domain.Erabiltzailea is not enhanced.

[2026-05-04 12:59:06 #3 type] 
Type domain.User is not enhanced.

[2026-05-04 12:59:06 #4 type.registry] 
New type domain.BalorazioProfila

[2026-05-04 12:59:06 #5 type] 
Type domain.Mugimendua is not enhanced.

[2026-05-04 12:59:06 #6 type] 
Type domain.Erreklamazioa is not enhanced.

[2026-05-04 12:59:06 #7 type] 
Type domain.DiruKontua is not enhanced.

[2026-05-04 12:59:06 #8 type] 
Type domain.Sale is not enhanced.

[2026-05-04 12:59:06 #9 type] 
Type domain.Admin is not enhanced.

[2026-05-04 12:59:06 #10 type] 
Type domain.Saskia is not enhanced.

[2026-05-04 12:59:06 #11 type] 
Type domain.Eskaera is not enhanced.

[2026-05-04 12:59:06 #12 type] 
Type domain.Oferta is not enhanced.

[2026-05-04 12:59:06 #13 type] 
Type domain.BalorazioProfila is not enhanced.

------------------------------------------------------------------------------------------------------------------------

[2026-05-04 12:59:53 #1 store] 
Database 'C:\Users\Usuario\git\Market26\src\main\resources\products.temp' is opened by 17776@DESKTOP-C3ESJLV

[2026-05-04 12:59:53 #2 type] 
Type domain.Erabiltzailea is not enhanced.

[2026-05-04 12:59:53 #3 type] 
Type domain.User is not enhanced.

[2026-05-04 12:59:53 #4 type.registry] 
New type domain.BalorazioProfila

[2026-05-04 12:59:53 #5 type] 
Type domain.Mugimendua is not enhanced.

[2026-05-04 12:59:53 #6 type] 
Type domain.Erreklamazioa is not enhanced.

[2026-05-04 12:59:53 #7 type] 
Type domain.DiruKontua is not enhanced.

[2026-05-04 12:59:53 #8 type] 
Type domain.Sale is not enhanced.

[2026-05-04 12:59:53 #9 type] 
Type domain.Admin is not enhanced.

[2026-05-04 12:59:53 #10 type] 
Type domain.Saskia is not enhanced.

[2026-05-04 12:59:53 #11 type] 
Type domain.Eskaera is not enhanced.

[2026-05-04 12:59:53 #12 type] 
Type domain.Oferta is not enhanced.

[2026-05-04 12:59:53 #13 type] 
Type domain.BalorazioProfila is not enhanced.

------------------------------------------------------------------------------------------------------------------------

[2026-05-04 13:00:46 #1 store] 
Database 'C:\Users\Usuario\git\Market26\src\main\resources\products.temp' is opened by 13004@DESKTOP-C3ESJLV

[2026-05-04 13:00:46 #2 type] 
Type domain.Erabiltzailea is not enhanced.

[2026-05-04 13:00:46 #3 type] 
Type domain.User is not enhanced.

[2026-05-04 13:00:46 #4 type.registry] 
New type domain.BalorazioProfila

[2026-05-04 13:00:46 #5 type] 
Type domain.Mugimendua is not enhanced.

[2026-05-04 13:00:46 #6 type] 
Type domain.Erreklamazioa is not enhanced.

[2026-05-04 13:00:46 #7 type] 
Type domain.DiruKontua is not enhanced.

[2026-05-04 13:00:46 #8 type] 
Type domain.Sale is not enhanced.

[2026-05-04 13:00:46 #9 type] 
Type domain.Admin is not enhanced.

[2026-05-04 13:00:46 #10 type] 
Type domain.Saskia is not enhanced.

[2026-05-04 13:00:46 #11 type] 
Type domain.Eskaera is not enhanced.

[2026-05-04 13:00:46 #12 type] 
Type domain.Oferta is not enhanced.

[2026-05-04 13:00:46 #13 type] 
Type domain.BalorazioProfila is not enhanced.

------------------------------------------------------------------------------------------------------------------------

[2026-05-04 13:01:12 #1 store] 
Database 'C:\Users\Usuario\git\Market26\src\main\resources\products.temp' is opened by 28820@DESKTOP-C3ESJLV

[2026-05-04 13:01:12 #2 type] 
Type domain.Erabiltzailea is not enhanced.

[2026-05-04 13:01:12 #3 type] 
Type domain.User is not enhanced.

[2026-05-04 13:01:12 #4 type.registry] 
New type domain.BalorazioProfila

[2026-05-04 13:01:12 #5 type] 
Type domain.Mugimendua is not enhanced.

[2026-05-04 13:01:12 #6 type] 
Type domain.Erreklamazioa is not enhanced.

[2026-05-04 13:01:12 #7 type] 
Type domain.DiruKontua is not enhanced.

[2026-05-04 13:01:12 #8 type] 
Type domain.Sale is not enhanced.

[2026-05-04 13:01:12 #9 type] 
Type domain.Admin is not enhanced.

[2026-05-04 13:01:12 #10 type] 
Type domain.Saskia is not enhanced.

[2026-05-04 13:01:12 #11 type] 
Type domain.Eskaera is not enhanced.

[2026-05-04 13:01:12 #12 type] 
Type domain.Oferta is not enhanced.

[2026-05-04 13:01:12 #13 type] 
Type domain.BalorazioProfila is not enhanced.

------------------------------------------------------------------------------------------------------------------------

[2026-05-04 13:03:33 #1 store] 
Database 'C:\Users\Usuario\git\Market26\src\main\resources\products.temp' is opened by 3308@DESKTOP-C3ESJLV

[2026-05-04 13:03:34 #2 type] 
Type domain.Erabiltzailea is not enhanced.

[2026-05-04 13:03:34 #3 type] 
Type domain.User is not enhanced.

[2026-05-04 13:03:34 #4 type.registry] 
New type domain.BalorazioProfila

[2026-05-04 13:03:34 #5 type] 
Type domain.Mugimendua is not enhanced.

[2026-05-04 13:03:34 #6 type] 
Type domain.Erreklamazioa is not enhanced.

[2026-05-04 13:03:34 #7 type] 
Type domain.DiruKontua is not enhanced.

[2026-05-04 13:03:34 #8 type] 
Type domain.Sale is not enhanced.

[2026-05-04 13:03:34 #9 type] 
Type domain.Admin is not enhanced.

[2026-05-04 13:03:34 #10 type] 
Type domain.Saskia is not enhanced.

[2026-05-04 13:03:34 #11 type] 
Type domain.Eskaera is not enhanced.

[2026-05-04 13:03:34 #12 type] 
Type domain.Oferta is not enhanced.

[2026-05-04 13:03:34 #13 type] 
Type domain.BalorazioProfila is not enhanced.

[2026-05-04 13:03:34 #14 store] 
Database 'C:\Users\Usuario\git\Market26\src\main\resources\products.temp' is closed by 3308@DESKTOP-C3ESJLV

[2026-05-04 13:03:40 #15 store] 
Database 'C:\Users\Usuario\git\Market26\src\main\resources\products.temp' is opened by 3308@DESKTOP-C3ESJLV

[2026-05-04 13:03:40 #16 store] 
Database 'C:\Users\Usuario\git\Market26\src\main\resources\products.temp' is closed by 3308@DESKTOP-C3ESJLV

